// Jest Snapshot v1, https://goo.gl/fbAQLP

exports[`renders a snapshot 1`] = `
<styled.div>
  <div />
  <div />
  <div />
  <div />
</styled.div>
`;
