// Jest Snapshot v1, https://goo.gl/fbAQLP

exports[`renders a snapshot 1`] = `
<ExternalLink
  to="https://mycrypto.com"
>
  <StyledMyCryptoLogo
    src="test-file-stub"
  />
</ExternalLink>
`;
