// Jest Snapshot v1, https://goo.gl/fbAQLP

exports[`NotFound renders a snapshot 1`] = `
<Redirect
  to="/"
/>
`;
