// Jest Snapshot v1, https://goo.gl/fbAQLP

exports[`renders a snapshot 1`] = `
<StyledInput__InputContainer>
  <StyledInput
    as="input"
    value="Foo"
  />
</StyledInput__InputContainer>
`;
