// Jest Snapshot v1, https://goo.gl/fbAQLP

exports[`Ledger generates an address from a derivation path 1`] = `"0x55A64976d11064d0a5049Ec14ec632B921e1dBB4"`;

exports[`Ledger generates an address from a derivation path 2`] = `"0xb1B46Cfcc7c7e72B6981e8aF8EB8CceB6d76E26e"`;

exports[`Ledger generates an address from a hardened derivation path 1`] = `"0x1bD7f8d135C7565f63e6eB24E9A8704d2eB90f69"`;

exports[`Ledger generates an address from a hardened derivation path 2`] = `"0xba4Ad981A41390f56cAB43549CC15050BD0418E8"`;
