// Jest Snapshot v1, https://goo.gl/fbAQLP

exports[`renders a snapshot 1`] = `
<Link
  to="/foo"
>
  <Button>
    Foo
  </Button>
</Link>
`;
