// Jest Snapshot v1, https://goo.gl/fbAQLP

exports[`renders a snapshot 1`] = `
<StyledComponent
  forwardedComponent={
    Object {
      "$$typeof": Symbol(react.forward_ref),
      "attrs": Array [],
      "componentStyle": ComponentStyle {
        "componentId": "Message-sc-1uyv531-0",
        "isStatic": false,
        "rules": Array [
          "background:",
          [Function],
          ";border-radius:",
          [Function],
          ";",
          [Function],
          ";",
          [Function],
          ";& ",
          ".Typography-sc-98k3z5-0",
          "{margin:0;color:white;}",
        ],
      },
      "displayName": "Message",
      "foldedComponentIds": Array [],
      "render": [Function],
      "styledComponentId": "Message-sc-1uyv531-0",
      "target": "div",
      "toString": [Function],
      "warnTooManyClasses": [Function],
      "withComponent": [Function],
    }
  }
  forwardedRef={null}
  type="info"
>
  Foo
</StyledComponent>
`;
