// Jest Snapshot v1, https://goo.gl/fbAQLP

exports[`renders a snapshot 1`] = `
<Loader__RelativeContainer>
  <StyledLoader>
    <Spinner />
  </StyledLoader>
  Foo
</Loader__RelativeContainer>
`;
