// Jest Snapshot v1, https://goo.gl/fbAQLP

exports[`renders a snapshot 1`] = `
<ExternalLink
  to="https://github.com/Mrtenz/FindETH"
>
  <StyledGitHubIcon
    src="test-file-stub"
  />
</ExternalLink>
`;
