// Jest Snapshot v1, https://goo.gl/fbAQLP

exports[`Main renders a snapshot 1`] = `<StyledMain />`;
