// Jest Snapshot v1, https://goo.gl/fbAQLP

exports[`renders a snapshot 1`] = `
<StyledSpinner>
  <div />
  <div />
  <div />
  <div />
</StyledSpinner>
`;
