// Jest Snapshot v1, https://goo.gl/fbAQLP

exports[`fetches token metadata for ERC-20 tokens 1`] = `
Object {
  "address": "0xa74476443119A942dE498590Fe1f2454d7D4aC0d",
  "decimals": 18,
  "name": "Golem Network Token",
  "symbol": "GNT",
}
`;

exports[`fetches token metadata for non-compliant ERC-20 tokens 1`] = `
Object {
  "address": "0x89d24a6b4ccb1b6faa2625fe562bdd9a23260359",
  "decimals": 18,
  "name": "Dai Stablecoin v1.0",
  "symbol": "DAI",
}
`;
